// Jest Snapshot v1, https://goo.gl/fbAQLP

exports[`EsignIframe should render correctly 1`] = `
ShallowWrapper {
  "complexSelector": ComplexSelector {
    "buildPredicate": [Function],
    "childrenOfNode": [Function],
    "findWhereUnwrapped": [Function],
  },
  "iframeOnLoadEvent": [Function],
  "length": 1,
  "node": <styled.div>
    <styled.div>
       Loading... 
    </styled.div>
    <styled.iframe
      frameBorder="0"
      onLoad={[Function]}
      src={undefined}
    />
  </styled.div>,
  "nodes": Array [
    <styled.div>
      <styled.div>
         Loading... 
      </styled.div>
      <styled.iframe
        frameBorder="0"
        onLoad={[Function]}
        src={undefined}
      />
    </styled.div>,
  ],
  "options": Object {},
  "renderer": ReactShallowRenderer {
    "_instance": ShallowComponentWrapper {
      "_calledComponentWillUnmount": false,
      "_compositeType": 0,
      "_context": Object {},
      "_currentElement": <EsignIframe />,
      "_debugID": 1,
      "_hostContainerInfo": null,
      "_hostParent": null,
      "_instance": EsignIframe {
        "_reactInternalInstance": [Circular],
        "context": Object {},
        "props": Object {},
        "refs": Object {},
        "state": Object {
          "showLoading": true,
        },
        "updater": Object {
          "enqueueCallback": [Function],
          "enqueueCallbackInternal": [Function],
          "enqueueElementInternal": [Function],
          "enqueueForceUpdate": [Function],
          "enqueueReplaceState": [Function],
          "enqueueSetState": [Function],
          "isMounted": [Function],
          "validateCallback": [Function],
        },
      },
      "_mountOrder": 1,
      "_pendingCallbacks": null,
      "_pendingElement": null,
      "_pendingForceUpdate": false,
      "_pendingReplaceState": false,
      "_pendingStateQueue": null,
      "_renderedComponent": NoopInternalComponent {
        "_currentElement": <styled.div>
          <styled.div>
             Loading... 
          </styled.div>
          <styled.iframe
            frameBorder="0"
            onLoad={[Function]}
            src={undefined}
          />
        </styled.div>,
        "_debugID": 2,
        "_renderedOutput": <styled.div>
          <styled.div>
             Loading... 
          </styled.div>
          <styled.iframe
            frameBorder="0"
            onLoad={[Function]}
            src={undefined}
          />
        </styled.div>,
      },
      "_renderedNodeType": 1,
      "_rootNodeID": 0,
      "_topLevelWrapper": null,
      "_updateBatchNumber": null,
      "_warnedAboutRefsInRender": false,
    },
    "getRenderOutput": [Function],
    "render": [Function],
  },
  "root": [Circular],
  "unrendered": <EsignIframe />,
}
`;
