// Jest Snapshot v1, https://goo.gl/fbAQLP

exports[`CantSeeDocsLinkComponent Render CantSeeDocsLinkComponent 1`] = `
ShallowWrapper {
  "complexSelector": ComplexSelector {
    "buildPredicate": [Function],
    "childrenOfNode": [Function],
    "findWhereUnwrapped": [Function],
  },
  "length": 1,
  "node": <CantSeeDocsLink
    closeDialog={[Function]}
    isOpen={false}
    openDialog={[Function]}
  />,
  "nodes": Array [
    <CantSeeDocsLink
      closeDialog={[Function]}
      isOpen={false}
      openDialog={[Function]}
    />,
  ],
  "options": Object {},
  "renderer": ReactShallowRenderer {
    "_instance": ShallowComponentWrapper {
      "_calledComponentWillUnmount": false,
      "_compositeType": 0,
      "_context": Object {},
      "_currentElement": <CantSeeDocsLinkComponent />,
      "_debugID": 1,
      "_hostContainerInfo": null,
      "_hostParent": null,
      "_instance": CantSeeDocsLinkComponent {
        "_reactInternalInstance": [Circular],
        "context": Object {},
        "props": Object {},
        "refs": Object {},
        "state": Object {
          "openDialog": false,
        },
        "updater": Object {
          "enqueueCallback": [Function],
          "enqueueCallbackInternal": [Function],
          "enqueueElementInternal": [Function],
          "enqueueForceUpdate": [Function],
          "enqueueReplaceState": [Function],
          "enqueueSetState": [Function],
          "isMounted": [Function],
          "validateCallback": [Function],
        },
      },
      "_mountOrder": 1,
      "_pendingCallbacks": null,
      "_pendingElement": null,
      "_pendingForceUpdate": false,
      "_pendingReplaceState": false,
      "_pendingStateQueue": null,
      "_renderedComponent": NoopInternalComponent {
        "_currentElement": <CantSeeDocsLink
          closeDialog={[Function]}
          isOpen={false}
          openDialog={[Function]}
        />,
        "_debugID": 2,
        "_renderedOutput": <CantSeeDocsLink
          closeDialog={[Function]}
          isOpen={false}
          openDialog={[Function]}
        />,
      },
      "_renderedNodeType": 1,
      "_rootNodeID": 0,
      "_topLevelWrapper": null,
      "_updateBatchNumber": null,
      "_warnedAboutRefsInRender": false,
    },
    "getRenderOutput": [Function],
    "render": [Function],
  },
  "root": [Circular],
  "unrendered": <CantSeeDocsLinkComponent />,
}
`;
