// Jest Snapshot v1, https://goo.gl/fbAQLP

exports[`AutoHidingMessage should render correctly 1`] = `
ShallowWrapper {
  "complexSelector": ComplexSelector {
    "buildPredicate": [Function],
    "childrenOfNode": [Function],
    "findWhereUnwrapped": [Function],
  },
  "length": 1,
  "node": <div
    style={null}
  >
    <span
      style={null}
    >
      
    </span>
  </div>,
  "nodes": Array [
    <div
      style={null}
    >
      <span
        style={null}
      >
        
      </span>
    </div>,
  ],
  "options": Object {},
  "renderer": ReactShallowRenderer {
    "_instance": ShallowComponentWrapper {
      "_calledComponentWillUnmount": false,
      "_compositeType": 0,
      "_context": Object {},
      "_currentElement": <AutoHidingMessage
        autoHideDuration={null}
        display={true}
        divStyle={null}
        message=""
        textStyle={null}
      />,
      "_debugID": 1,
      "_hostContainerInfo": null,
      "_hostParent": null,
      "_instance": AutoHidingMessage {
        "_reactInternalInstance": [Circular],
        "context": Object {},
        "props": Object {
          "autoHideDuration": null,
          "display": true,
          "divStyle": null,
          "message": "",
          "textStyle": null,
        },
        "refs": Object {},
        "state": Object {
          "autoHideDuration": 0,
          "display": true,
        },
        "updater": Object {
          "enqueueCallback": [Function],
          "enqueueCallbackInternal": [Function],
          "enqueueElementInternal": [Function],
          "enqueueForceUpdate": [Function],
          "enqueueReplaceState": [Function],
          "enqueueSetState": [Function],
          "isMounted": [Function],
          "validateCallback": [Function],
        },
      },
      "_mountOrder": 1,
      "_pendingCallbacks": null,
      "_pendingElement": null,
      "_pendingForceUpdate": false,
      "_pendingReplaceState": false,
      "_pendingStateQueue": null,
      "_renderedComponent": NoopInternalComponent {
        "_currentElement": <div
          style={null}
        >
          <span
            style={null}
          >
            
          </span>
        </div>,
        "_debugID": 2,
        "_renderedOutput": <div
          style={null}
        >
          <span
            style={null}
          >
            
          </span>
        </div>,
      },
      "_renderedNodeType": 0,
      "_rootNodeID": 0,
      "_topLevelWrapper": null,
      "_updateBatchNumber": null,
      "_warnedAboutRefsInRender": false,
    },
    "getRenderOutput": [Function],
    "render": [Function],
  },
  "root": [Circular],
  "unrendered": <AutoHidingMessage
    autoHideDuration={null}
    display={true}
    divStyle={null}
    message=""
    textStyle={null}
  />,
}
`;
